# Measurement of Friday 26 March
# Experiment 2 Physics Lab
# Expected points from theory predictions

1   6	0  0.5
2   12	0  1.
3   18	0  1.5
4   24	0  2.0
5   30	0  3.7
6   36	0  4.9
7   42	0  5.4
8   48	0  6.8
9   54	0  7.5
10  60	0  9.7
